MadModem consolidated guard suite: architecture

--- RUN scripts/check_runtime_hardening.py ---
[OK] one strict WAV reader rejects malformed layouts
[OK] bounded UI audio relay
[OK] audio capture has its own thread
[OK] FT input still bypasses MainWindow
[OK] FT worker configuration lock cannot self-deadlock
[OK] audio buffer removal is batched
[OK] configured RX/TX devices never fall back silently
[OK] CAT route is fail closed
[OK] CAT disconnect never invents a PTT-OFF acknowledgement
[OK] Q65 RX has one always-built native path
[OK] ADIF persistence is atomic
[OK] offline image WAV loop is non-reentrant
[OK] OSM TLS remains verified
[OK] OSM tile responses are bounded
[OK] Hamlib configure has no default build side effect
Runtime hardening audit passed.

--- RUN scripts/check_rx_cat_workers.py ---
PASS: independent RX queue, serialized decoder ownership, CAT acknowledgements and late-cancel compensation

--- RUN scripts/check_cat_ft_band_sync.py ---
[OK] startup applies saved CAT settings
[OK] saved CAT settings auto-connect when enabled
[OK] FT band selector commands a CAT QSY
[OK] CAT frequency always synchronizes the FT band
[OK] obsolete optional CAT-to-band gate is absent
[OK] QSY publishes actual Hamlib readback
[OK] QSY publishes actual HRD readback
[OK] CAT remains open and is polled
[OK] FT split setting is persisted and exposed in Radio/CAT UI
[OK] FT split keeps actual TX AF in the 1500..2000 Hz corridor
[OK] FT split CAT transaction is prepared before PTT and restored after PTT
[OK] Fake It transient CAT frequency is hidden from ordinary CAT polling
[OK] Rig split follows Hamlib/WSJT-X logical VFO abstraction with no non-split fallback
[OK] Rig split TX mode changes are fail-closed unless the previous split mode is restorable
[OK] Split is opt-in and the stable default CAT path remains unchanged
CAT/FT band sync audit passed.

--- RUN scripts/check_msk144_q65_single_path.py ---
[OK] Q65 native engine is mandatory
[OK] Q65 wrapper owns only the native engine
[OK] Q65 RX performs complete protocol validation
[OK] Q65 QRA symbols map to transmitted tones 1 through 64
[OK] Q65 RX and TX serialize the one codec workspace
[OK] Q65 TX uses direct native-rate synthesis
[OK] Q65 full AP list spans the protocol report range
[OK] Q65 regression covers A B C D
[OK] MSK144 candidate budget covers the complete period
[OK] MSK40 RX and real short-message TX are wired
[OK] MSK144 target contains every 77-bit protocol primitive
[OK] shared message primitives are compiled exactly once
[OK] FT4 FT8 MSK144 and Q65 serialize the shared message codec
[OK] MSK144 and Q65 use one process-wide codec lock
[OK] MSK144 and Q65 share one complete-frame UTC TX scheduler
[OK] native modem regressions are registered
[OK] native modem targets carry their thread runtime
MSK144/Q65 single-path audit passed.

--- RUN scripts/check_qso_udp_logging.py ---
QSO UDP logging guard passed.

--- RUN scripts/check_rotator_peak_tracking.py ---
Rotator peak tracking guard passed: 3 real stateful algorithms, async FFT-reuse QSO metric, low-wear probes and TX interlock are intact.

Consolidated architecture suite PASSED: 6 check(s) run, 0 platform check(s) skipped.
