PASS relative-pair-human-ratio: CQ
PASS relative-pair-lock
PASS same-lane-abrupt-speed-change: CQQTH
PASS same-lane-new-temporal-epoch
PASS same-lane-slow-clock-installed
PASS provisional-epoch-rebase: CQ CQ CQ
PASS provisional-epoch-new-clock
PASS malformed-established-clock-rebase: C
PASS malformed-established-new-epoch
PASS adaptive-beam-no-premature-first-mark: 
PASS adaptive-beam-replay-first-dash: C
PASS adaptive-beam-pattern-exact
PASS stretched-element-gap-callsign: HB9DOM
PASS bayesian-posterior-text: C
PASS bayesian-posterior-range
PASS bayesian-beam-bounded
PASS micro-run-storm-bootstrap: CQ
PASS micro-run-storm-track
PASS micro-run-storm-no-text: 
PASS micro-run-storm-clock-retained
PASS auto-wpm-ceiling-50
PASS duplicate-tone-no-reset
PASS real-tone-change-one-reset
PASS mid-stream-reset-produces-run
PASS mid-stream-reset-live-start
PASS discriminator-posterior-export
PASS segmental-fixed-lag-single-mark
PASS segmental-fixed-lag-mark-duration
PASS segmental-fixed-lag-causal-delay
PASS first-sample-rate-no-extra-restart
PASS real-sample-rate-change-restarts
PASS commit-pattern-character
PASS commit-pattern-exact
PASS local-tx-resume-clock-learned
PASS local-tx-resume-clock-retained
PASS local-tx-resume-not-clean-restart
PASS clean-20: CQ CQ DE IZ6NNH 599
PASS clean-35-wrong-hint: CQ CQ DE TEST
PASS live-30-long-word-gap: CQ CQ OG50YL OG50YL CQ CQ OG50YL
PASS fast-farnsworth-11-dit: CQ CQ DE TEST
PASS clean-12-wrong-hint: CQ DE IZ6NNH
PASS awgn: CQ CQ DE IZ6NNH
PASS weak-coherent-structure
PASS weak-coherent-edit-similarity
PASS weak-coherent-awgn: RQ CQ DE IZ6NNH similarity=0.933333
PASS qsb: CQ CQ DE TEST
PASS human-relative: CQ CQ DE IZ6NNH
PASS adjacent-carrier-plus-70: CQ CQ DE IZ6NNH
PASS message-then-broad-noise-tail: CQ CQ DE TEST
PASS noise-tail-carrier-gate-closes
PASS noise-tail-wpm-frozen
PASS live-same-lane-two-operators: CQ CQ QTH ROMA
PASS live-same-lane-epoch-log
PASS noise-only: 
All carrier-gated relative-timing CW regressions passed.
