[0/2] Re-checking globbed directories...
[1/11] Copying localized MM HTML help files
[2/11] Automatic RCC for tests/i18n.qrc
[3/11] Automatic RCC for tests/i18n.qrc
[4/11] Generating localized MM Qt Help manuals (.qch, optional)
CMake Warning at /workspace/scratch/568f9cc8dc74/MadModem_R21/cmake/GenerateMadModemQtHelp.cmake:94 (message):
  Some MM .qch files were not generated.  The build will continue and MM will
  use embedded multilingual HTML help where needed.

    - en: qhelpgenerator status 1
    - it: qhelpgenerator status 1
    - fr: qhelpgenerator status 1
    - de: qhelpgenerator status 1
    - no: qhelpgenerator status 1
    - cs: qhelpgenerator status 1

  Generator log:
  /workspace/scratch/568f9cc8dc74/verification-r21/build/docs/help/qhelpgenerator.log


[5/11] Building CXX object CMakeFiles/madmodem_i18n_regression.dir/madmodem_i18n_regression_autogen/KRHXW7JQHD/qrc_i18n.cpp.o
[6/11] Building CXX object CMakeFiles/madmodem_contest_export_regression.dir/madmodem_contest_export_regression_autogen/KRHXW7JQHD/qrc_i18n.cpp.o
[7/11] Automatic RCC for resources.qrc
[8/11] Linking CXX executable madmodem_i18n_regression
[9/11] Linking CXX executable madmodem_contest_export_regression
[10/11] Building CXX object CMakeFiles/MadModem.dir/MadModem_autogen/EWIEGA46WW/qrc_resources.cpp.o
[11/11] Linking CXX executable MadModem
