[0/2] Re-checking globbed directories...
[1/74] Copying localized MM HTML help files
[2/74] Automatic MOC and UIC for target madmodem_linear_resampler
[3/72] Automatic MOC and UIC for target madmodem_tx_pull_regression
[4/70] Automatic MOC and UIC for target madmodem_weak_signal_codec
[5/68] Automatic MOC and UIC for target madmodem_resampler_streaming
[6/66] Automatic MOC and UIC for target madmodem_i18n_regression
[7/65] Generating localized MM Qt Help manuals (.qch, optional)
CMake Warning at /workspace/scratch/568f9cc8dc74/MadModem_R21/cmake/GenerateMadModemQtHelp.cmake:94 (message):
  Some MM .qch files were not generated.  The build will continue and MM will
  use embedded multilingual HTML help where needed.

    - en: qhelpgenerator status 1
    - it: qhelpgenerator status 1
    - fr: qhelpgenerator status 1
    - de: qhelpgenerator status 1
    - no: qhelpgenerator status 1
    - cs: qhelpgenerator status 1

  Generator log:
  /workspace/scratch/568f9cc8dc74/verification-r21/build/docs/help/qhelpgenerator.log


[8/65] Automatic MOC and UIC for target madmodem_logbook_regression
[9/63] Automatic MOC and UIC for target madmodem_wav_reader_test
[10/61] Automatic MOC and UIC for target MadModemFtSequencerSelfTest
[11/59] Automatic MOC and UIC for target madmodem_contest_export_regression
[12/58] Automatic MOC and UIC for target madmodem_all_contest_exports_regression
[13/57] Automatic MOC and UIC for target madmodem_cw_integration_regression
[14/55] Automatic MOC and UIC for target madmodem_rtty_contest_regression
[15/53] Automatic MOC and UIC for target madmodem_rtty_synthetic_bench
[16/51] Automatic MOC and UIC for target madmodem_text_assist_workers_regression
[17/49] Automatic MOC and UIC for target madmodem_msk144
[18/47] Automatic MOC and UIC for target madmodem_q65
[19/45] Automatic RCC for tests/i18n.qrc
[20/45] Automatic MOC and UIC for target madmodem_msk144_native_regression
[21/43] Automatic MOC and UIC for target MadModem
[22/42] Automatic MOC and UIC for target madmodem_q65_native_regression
[23/40] Building CXX object CMakeFiles/madmodem_i18n_regression.dir/madmodem_i18n_regression_autogen/KRHXW7JQHD/qrc_i18n.cpp.o
[24/40] Linking CXX executable madmodem_i18n_regression
[25/40] Automatic RCC for tests/i18n.qrc
[26/40] Automatic RCC for resources.qrc
[27/40] Building CXX object CMakeFiles/madmodem_all_contest_exports_regression.dir/logbook/ContestExchange.cpp.o
[28/40] Building CXX object CMakeFiles/madmodem_contest_export_regression.dir/tests/ContestExportRegression.cpp.o
[29/40] Building CXX object CMakeFiles/madmodem_all_contest_exports_regression.dir/tests/AllContestExportsRegression.cpp.o
[30/40] Building CXX object CMakeFiles/MadModem.dir/logbook/ContestExchange.cpp.o
[31/40] Building CXX object CMakeFiles/MadModem.dir/dialogs/LogbookDialog.cpp.o
[32/40] Linking CXX executable madmodem_all_contest_exports_regression
[33/40] Building CXX object CMakeFiles/MadModem.dir/dialogs/ContestExportWizard.cpp.o
[34/40] Building CXX object CMakeFiles/MadModem.dir/MadModem_autogen/EWIEGA46WW/qrc_resources.cpp.o
[35/40] Building CXX object CMakeFiles/madmodem_contest_export_regression.dir/madmodem_contest_export_regression_autogen/KRHXW7JQHD/qrc_i18n.cpp.o
[36/40] Building CXX object CMakeFiles/madmodem_contest_export_regression.dir/logbook/ContestExchange.cpp.o
[37/40] Building CXX object CMakeFiles/madmodem_contest_export_regression.dir/dialogs/ContestExportWizard.cpp.o
[38/40] Linking CXX executable madmodem_contest_export_regression
[39/40] Building CXX object CMakeFiles/MadModem.dir/mainwindow.cpp.o
[40/40] Linking CXX executable MadModem
