QStandardPaths: XDG_RUNTIME_DIR not set, defaulting to '/tmp/runtime-root'
Could not create AF_NETLINK socket (Operation not permitted)
Could not create AF_NETLINK socket (Operation not permitted)
Could not create AF_NETLINK socket (Operation not permitted)
Could not create AF_NETLINK socket (Operation not permitted)
Could not create AF_NETLINK socket (Operation not permitted)
[QSO map] OSM diagnostics (startup)
Qt SSL support: YES
OpenSSL build: OpenSSL 3.0.13 30 Jan 2024
OpenSSL runtime: OpenSSL 3.0.13 30 Jan 2024
HTTP fallback: OFF
Tile providers: https://tile.openstreetmap.org
[QSO map] OSM diagnostics (startup)
Qt SSL support: YES
OpenSSL build: OpenSSL 3.0.13 30 Jan 2024
OpenSSL runtime: OpenSSL 3.0.13 30 Jan 2024
HTTP fallback: OFF
Tile providers: https://tile.openstreetmap.org
[QSO map] OSM diagnostics (startup)
Qt SSL support: YES
OpenSSL build: OpenSSL 3.0.13 30 Jan 2024
OpenSSL runtime: OpenSSL 3.0.13 30 Jan 2024
HTTP fallback: OFF
Tile providers: https://tile.openstreetmap.org
[QSO map] OSM diagnostics (startup)
Qt SSL support: YES
OpenSSL build: OpenSSL 3.0.13 30 Jan 2024
OpenSSL runtime: OpenSSL 3.0.13 30 Jan 2024
HTTP fallback: OFF
Tile providers: https://tile.openstreetmap.org
[QSO map] OSM diagnostics (startup)
Qt SSL support: YES
OpenSSL build: OpenSSL 3.0.13 30 Jan 2024
OpenSSL runtime: OpenSSL 3.0.13 30 Jan 2024
HTTP fallback: OFF
Tile providers: https://tile.openstreetmap.org
[QSO map] OSM diagnostics (startup)
Qt SSL support: YES
OpenSSL build: OpenSSL 3.0.13 30 Jan 2024
OpenSSL runtime: OpenSSL 3.0.13 30 Jan 2024
HTTP fallback: OFF
Tile providers: https://tile.openstreetmap.org
[QSO map] OSM diagnostics (startup)
Qt SSL support: YES
OpenSSL build: OpenSSL 3.0.13 30 Jan 2024
OpenSSL runtime: OpenSSL 3.0.13 30 Jan 2024
HTTP fallback: OFF
Tile providers: https://tile.openstreetmap.org
[QSO map] OSM diagnostics (startup)
Qt SSL support: YES
OpenSSL build: OpenSSL 3.0.13 30 Jan 2024
OpenSSL runtime: OpenSSL 3.0.13 30 Jan 2024
HTTP fallback: OFF
Tile providers: https://tile.openstreetmap.org
[QSO map] OSM diagnostics (startup)
Qt SSL support: YES
OpenSSL build: OpenSSL 3.0.13 30 Jan 2024
OpenSSL runtime: OpenSSL 3.0.13 30 Jan 2024
HTTP fallback: OFF
Tile providers: https://tile.openstreetmap.org
QObject::connect: Cannot queue arguments of type 'QVector<FrequencyMarker>'
(Make sure 'QVector<FrequencyMarker>' is registered using qRegisterMetaType().)
QObject::connect: Cannot queue arguments of type 'QVector<FrequencyMarker>'
(Make sure 'QVector<FrequencyMarker>' is registered using qRegisterMetaType().)
QObject::connect: Cannot queue arguments of type 'QVector<FrequencyMarker>'
(Make sure 'QVector<FrequencyMarker>' is registered using qRegisterMetaType().)
QObject::connect: Cannot queue arguments of type 'QVector<FrequencyMarker>'
(Make sure 'QVector<FrequencyMarker>' is registered using qRegisterMetaType().)
QObject::connect: Cannot queue arguments of type 'QVector<FrequencyMarker>'
(Make sure 'QVector<FrequencyMarker>' is registered using qRegisterMetaType().)
PASS STOP blocks legacy scheduled retry at the common entry
Audio diagnostic: requested backend="default", requested format=48000 Hz, mono, signed 16-bit PCM.
Audio diagnostic: selected backend="" (default requested); available inputs=0.
Audio diagnostic: requested mono S16LE format unsupported; Qt5 nearest-format fallback requested.
Audio diagnostic: rejected negotiated format=-1 Hz, -1 channel(s), -1-bit Unknown LittleEndian, codec=.
PASS recent policy expires while static worked status stays cached
PASS obsolete index reply cannot clear a new pending query
PASS old autolog saves completed QSO without marking new session logged
PASS completed current session cannot discard an earlier pending QSO
PASS Tune after STOP waits for busy CAT with fresh preparation state
Audio diagnostic: requested backend="default", requested format=48000 Hz, mono, signed 16-bit PCM.
Audio diagnostic: selected backend="" (default requested); available inputs=0.
Audio diagnostic: requested mono S16LE format unsupported; Qt5 nearest-format fallback requested.
Audio diagnostic: rejected negotiated format=-1 Hz, -1 channel(s), -1-bit Unknown LittleEndian, codec=.
PASS STOP invalidates Tune retry while CAT was busy
PASS contest autofill cannot mix exchange from another correspondent
PASS contest autofill still accepts the selected correspondent
[shutdown] begin (destructor)
[shutdown] disconnecting queued UI callbacks
[shutdown] detaching CatRotator backend for process exit
[shutdown] stopping RX audio
[shutdown] stopping TX audio
[shutdown] requesting thread stop: Live RX decoders
[shutdown] requesting thread stop: RX audio recorder
[shutdown] requesting thread stop: RX audio capture
[shutdown] requesting thread stop: FT TX
[shutdown] requesting thread stop: FT slot scheduler
[shutdown] requesting thread stop: FT RX decoder
[shutdown] requesting thread stop: Q65 RX decoder
[shutdown] requesting thread stop: Text assistance
[shutdown] requesting thread stop: Logbook index
[shutdown] requesting thread stop: DSP
[shutdown] done in 12 ms
[shutdown] deleting UI
[shutdown] MainWindow destructor done
