[0/2] Re-checking globbed directories...
[1/6] Copying localized MM HTML help files
[2/6] Generating localized MM Qt Help manuals (.qch, optional)
CMake Warning at /workspace/scratch/568f9cc8dc74/MadModem_R21/cmake/GenerateMadModemQtHelp.cmake:94 (message):
  Some MM .qch files were not generated.  The build will continue and MM will
  use embedded multilingual HTML help where needed.

    - en: qhelpgenerator status 1
    - it: qhelpgenerator status 1
    - fr: qhelpgenerator status 1
    - de: qhelpgenerator status 1
    - no: qhelpgenerator status 1
    - cs: qhelpgenerator status 1

  Generator log:
  /workspace/scratch/568f9cc8dc74/verification-r21/build/docs/help/qhelpgenerator.log


[3/6] Automatic MOC and UIC for target MadModem
[4/5] Building CXX object CMakeFiles/MadModem.dir/mainwindow.cpp.o
[5/5] Linking CXX executable MadModem
[0/2] Re-checking globbed directories...
[1/8] Copying localized MM HTML help files
[2/8] Automatic MOC and UIC for target madmodem_msk144
[3/7] Generating localized MM Qt Help manuals (.qch, optional)
CMake Warning at /workspace/scratch/568f9cc8dc74/MadModem_R21/cmake/GenerateMadModemQtHelp.cmake:94 (message):
  Some MM .qch files were not generated.  The build will continue and MM will
  use embedded multilingual HTML help where needed.

    - en: qhelpgenerator status 1
    - it: qhelpgenerator status 1
    - fr: qhelpgenerator status 1
    - de: qhelpgenerator status 1
    - no: qhelpgenerator status 1
    - cs: qhelpgenerator status 1

  Generator log:
  /workspace/scratch/568f9cc8dc74/verification-r21/build/docs/help/qhelpgenerator.log


[4/7] Building CXX object CMakeFiles/madmodem_msk144.dir/modems/msk144/tx/Msk144Transmitter.cpp.o
[5/7] Linking CXX static library libmadmodem_msk144.a
[6/7] Linking CXX executable madmodem_msk144_native_regression
[7/7] Linking CXX executable MadModem
